[    0.000000] Initializing cgroup subsys cpuset
[    0.000000] Initializing cgroup subsys cpu
[    0.000000] Initializing cgroup subsys cpuacct
[    0.000000] Linux version 4.4.0-116-generic (buildd@lgw01-amd64-021) (gcc version 5.4.0 20160609 (Ubuntu 5.4.0-6ubuntu1~16.04.9) ) #140-Ubuntu SMP Mon Feb 12 21:23:04 UTC 2018 (Ubuntu 4.4.0-116.140-generic 4.4.98)
[    0.000000] Command line: BOOT_IMAGE=/boot/vmlinuz-4.4.0-116-generic root=LABEL=cloudimgrootfs ro consoltty1 cnsle=tty0
[    0.00000] KERNEL spported cpus:
[  0.000000  Intel GeineIntl
[  0.0000] AMD AuthencAMD
[    00000]  Centar CentauHals
[    0.000000] 6/fpu: Leacy x8 FU detted.
   0.00000 x6/pu: Usng 'lay'FPU context switches.
[   0.00000]e820: IO-providedphysical AMap:
[    00000]BIOSe80: [me 00000000000000-0x00000000009fbf] usable
[    0.000000] BIOS-e820: [mem 0000000000fc00-0000000009fff] reserved
[    00000 BIOS-20: [mem 0x00000000000f0000-0x00000000000fffff] reserved
[    0.000000] BIOS-e820: [mem 0x0000000000100000-0x000000003ffeffff] usable
[    0.000000] BIOS-e820: [mem 0x000000003fff0000-0x000000003fffffff] ACPI data
[    0.000000] BIOS-e820: [mem 0x00000000fec00000-0x00000000fec00fff] reserved
[    0.000000] BIOS-e820: [mem 0x00000000fee00000-0x00000000fee00fff] reserved
[    0.000000] BIOS-e820: [mem 0x00000000fffc0000-0x00000000ffffffff] reserved
[    0.000000] NX (Execute Disable) protection: active
[    0.000000] SMBIOS 2.5 present.
[    0.000000] Hypervisor detected: KVM
[    0.000000] e820: last_pfn = 0x3fff0 max_arch_pfn = 0x400000000
[    0.000000] MTRR: Disabled
[    0.000000] x86/PAT: MTRRs disabled, skipping PAT initialization too.
[    0.000000] CPU MTRRs all blank - virtualized system.
[    0.000000] x86/PAT: Configuration [0-7]: WB  WT  UC- UC  WB  WT  UC- UC  
[    0.000000] foundSMP MP-table at [mem 0x0009fff0-0x0009ffff] mapped at [ffff88000009fff0]
[    0.000000] Scanning 1 areas for low memory corruption
[    0.000000] RAMDISK: [mem 0x36ac2000-0x37558fff]
[    0.000000] ACPI: Early table checksum verification disabled
[    0.000000] ACPI: RSDP 0x00000000000E0000 000024 (v02 VBOX  )
[    0.000000] ACPI: XSDT 0x000000003FFF0030 00003C (v01 VBOX   VBOXXSDT 00000001 ASL  00000061)
[    0.000000] ACPI: FACP 0x000000003FFF00F0 0000F4 (v04 VBOX   VBOXFACP 00000001 ASL  00000061)
[    0.000000] ACPI: DSDT 0x000000003FFF0470 0021FF (v02 VBOX   VBOXBIOS 00000002 INTL 20100528)
[    0.000000] ACPI: FACS 0x000000003FFF0200 000040
[    0.000000] ACPI: FACS 0x000000003FFF0200 000040
[    0.000000] ACPI: APIC 0x000000003FFF0240 00005C (v02 VBOX   VBOXAPIC 00000001 ASL  00000061)
[    0.000000] ACPI: SSDT 0x000000003FFF02A0 0001CC (v01 VBOX   VBOXCPUT 00000002 INTL 20100528)
[    0.000000] No NUMA configuration found
[    0.000000] Faking a node at [mem 0x0000000000000000-0x000000003ffeffff]
[    0.000000] NODE_DATA(0) allocated [mem 0x3ffeb000-0x3ffeffff]
[    0.000000] kvm-clock: Using msrs 4b564d01 and 4b564d00
[    0.000000] kvm-clock: cpu 0, msr 0:3ffe3001, primary cpu clock
[    0.000000] kvm-clock: using sched offset of 4934288519 cycles
[    0.000000] clocksource: kvm-clock: mask: 0xffffffffffffffff max_cycles: 0x1cd42e4dffb, max_idle_ns: 881590591483 ns
[    0.000000] Zone ranges:
[    0.000000]   DMA      [mem 0x0000000000001000-0x0000000000ffffff]
[    0.000000]   DMA32    [mem 0x0000000001000000-0x000000003ffeffff]
[    0.000000]   Normal   empty
[    0.000000]   Device   empty
[    0.000000] Movable zone start for each node
[    0.000000] Early memory node ranges
[    .00000]   node   0: [mem 0x0000000000001000-0x000000000009efff]
[    0.000000]   node   0: [mem 0x0000000000100000-0x000000003ffeffff]
[    0.000000] Initmem setup node 0 [mem 0x0000000000001000-0x000000003ffeffff]
[   .000000] ACPI: P-Tmer IO Port: 0x4008
[    0.000000] IOAPIC[0]: apic_id 2, version 32, address 0xfec00000, GSI 0-23
[    0.000000] ACPI: INT_SRC_OVR (bus 0 bus_irq 0 global_irq 2 dfl dfl)
[    0.000000] ACPI: INT_SRC_OVR us 0 bus_irq 9 global_irq 9 low level)
[   .000000] Using ACPI (MADT) for SMP configuration information
[   .000000]smpbot:Allowing 2 CPUs, 0 hotplug CPUs
[    .00000] PM: Registeed noav memry: [me 00000000-000000ff
[   0.0000] M: Registered nosave memory: [mem 0x0009f000-0x0009ffff]
[    0.000000] PM: Registered nosave memory: [mem 0x000a0000-0x000effff]
[    0.000000] PM: Registered nosave memory: [mem 0x000f0000-0x000fffff]
[    0.000000] e820: [mem 0x40000000-0xfebfffff] available for PCI devices
[    0.000000] Booting paravirtualized kernel on KVM
[    0.000000] clocksource: refined-jiffies: mask: 0xffffffff max_cycles: 0xffffffff, max_idle_ns: 7645519600211568 ns
[    0.000000] setup_percpu: NR_CPUS:512 nr_cpumask_bits:512 nr_cpu_ids:2 nr_node_ids:1
[    0.000000] PERCPU: Embedded 34 pages/cpu @ffff88003fc00000 s99544 r8192 d31528 u1048576
[    0.000000] PV qspinlock hash table entries: 256 (order: 0, 4096 bytes)
[    0.000000] Built 1 zonelists in Node order, mobility grouping on.  Total pages: 257913
[    0.000000] Policy zone: DMA32
[    0.000000] Kernel command line: BOOT_IMAGE=/boot/vmlinuz-4.4.0-116-generic root=LABEL=cloudimg-rootfs ro console=tty1 console=ttyS0
[    0.000000] PID hash table entries: 4096 (order: 3, 32768 bytes)
[    0.000000] Memory: 1001688K/1048120K available (8530K kernel code, 1309K rwdata, 3992K rodata, 1508K init, 1316K bss, 46432K reserved, 0K cma-reserved)
[    0.000000] SLUB: HWalign=64, Order=0-3, MinObjects=0, CPUs=2, Nodes=1
[    0.000000] Kernel/User page tables isolation: enabled
[    0.000000] Hierarchical RCU implementation.
[    0.000000] 	Build-time adjustment of leaf fanout to 64.
[    0.000000] 	RCU restricting CPUs from NR_CPUS=512 to nr_cpu_ids=2.
[    0.000000] RCU: Adjusting geometry for rcu_fanout_leaf=64, nr_cpu_ids=2
[    0.000000] NR_IRQS:33024 nr_irqs:440 16
[    0.000000] Console: colour VGA+ 80x25
[    0.000000] console [tty1] enabled
[    0.000000] console [ttyS0] enabled
[    0.000000] tsc: Detected 2700.766 MHz processor
[    4.445445] Calibrating delay loop (skipped) preset value.. 5401.53 BogoMIPS (lpj=10803064)
[    4.454267] pid_max: default: 32768 minimum: 301
[    4.459483] ACPI: Core revision 20150930
[    4.470236] ACPI: 2 ACPI AML tables successfully acquired and loaded
[    4.474115] Security Framework initialized
[    4.475744] Yama: becoming mindful.
[    4.477350] AppArmor: AppArmor initialized
[    4.493679] Dentry cache hash table entries: 131072 (order: 8, 1048576 bytes)
[    4.509618] Inode-cache hash table entries: 65536 (order: 7, 524288 bytes)
[    4.518651] Mount-cache hash table entries: 2048 (order: 2, 16384 bytes)
[    4.527099] Mountpoint-cache hash table entries: 2048 (order: 2, 16384 bytes)
[    4.532316] Initializing cgroup subsys io
[    4.541160] Initializing cgroup subsys memory
[    4.572806] Initializing cgroup subsys devices
[    4.614112] Initializing cgroup subsys freezer
[    4.617612] Initializing cgroup subsys net_cls
[    4.628681] Initializing cgroup subsys perf_event
[    4.641124] Initializing cgroup subsys net_prio
[    4.642866] Initializing cgroup subsys hugetlb
[    4.657932] Initializing cgroup subsys pids
[    4.659752] FEATURE SPEC_CTRL Not Present
[    4.661343] CPU: Physical Processor ID: 0
[    4.662981] CPU: Processor Core ID: 0
[    4.672633] mce: CPU supports 0 MCE banks
[    4.681699] Last level iTLB entries: 4KB 128, 2MB 4, 4MB 4
[    4.683655] Last level dTLB entries: 4KB 256, 2MB 0, 4MB 32, 1GB 0
[    4.692135] Spectre V2 mitigation: Mitigation: Full generic retpoline
[    4.694340] Spectre V2 mitigation: Speculation control IBPB not-supported IBRS not-supported
[    4.715070] Freeing SMP alternatives memory: 32K
[    4.757049] ftrace: allocating 32186 entries in 126 pages
[    4.837054] smpboot: APIC(0) Converting physical 0 to logical package 0
[    4.870435] smpboot: Max logical packages: 1
[    4.878138] x2apic enabled
[    4.880063] Switched APIC routing to physical x2apic.
[    4.884580] ..TIMER: vector=0x30 apic1=0 pin1=2 apic2=-1 pin2=-1
[    5.015840] smpboot: CPU0: Intel Pentium(R) Dual-Core  CPU      E5400  @ 2.70GHz (family: 0x6, model: 0x17, stepping: 0xa)
[    5.230034] Performance Events: unsupported p6 CPU model 23 no PMU driver, software events only.
[    5.320462] KVM setup paravirtual spinlock
[    5.398724] x86: Booting SMP configuration:
[    5.479894] .... node  #0, CPUs:      #1
[    5.501340] kvm-clock: cpu 1, msr 0:3ffe3041, secondary cpu clock
[    5.509634] mce: CPU supports 0 MCE banks
[    5.535118] x86: Booted up 1 node, 2 CPUs
[    5.548373] smpboot: Total of 2 processors activated (10803.06 BogoMIPS)
[    5.556954] devtmpfs: initialized
[    5.565389] evm: security.selinux
[    5.569672] evm: security.SMACK64
[    5.573797] evm: security.SMACK64EXEC
[    5.578484] evm: security.SMACK64TRANSMUTE
[    5.583538] evm: security.SMACK64MMAP
[    5.588030] evm: security.ima
[    5.592476] evm: security.capability
[    5.597864] clocksource: jiffies: mask: 0xffffffff max_cycles: 0xffffffff, max_idle_ns: 7645041785100000 ns
[    5.610402] futex hash table entries: 512 (order: 3, 32768 bytes)
[    5.618827] pinctrl core: initialized pinctrl subsystem
[    5.637577] RTC time: 22:04:40, date: 03/23/18
[    5.651227] NET: Registered protocol family 16
[    5.667834] cpuidle: using governor ladder
[    5.683962] cpuidle: using governor menu
[    5.691766] PCCT header not found.
[    5.693941] ACPI: bus type PCI registered
[    5.696153] acpiphp: ACPI Hot Plug PCI Controller Driver version: 0.5
[    5.699375] PCI: Using configuration type 1 for base access
[    5.741294] ACPI: Added _OSI(Module Device)
[    5.770192] ACPI: Added _OSI(Processor Device)
[    5.817711] ACPI: Added _OSI(3.0 _SCP Extensions)
[    5.892995] ACPI: Added _OSI(Processor Aggregator Device)
[    5.975457] ACPI: Executed 1 blocks of module-level executable AML code
[    6.062995] ACPI: Interpreter enabled
[    6.114050] ACPI: (supports S0 S5)
[    6.159813] ACPI: Using IOAPIC for interrupt routing
[    6.243708] PCI: Using host bridge windows from ACPI; if necessary, use "pci=nocrs" and report a bug
[    6.334370] ACPI: PCI Root Bridge [PCI0] (domain 0000 [bus 00-ff])
[    6.433194] acpi PNP0A03:00: _OSC: OS supports [ASPM ClockPM Segments MSI]
[    6.530289] acpi PNP0A03:00: _OSC: not requesting OS control; OS requires [ExtendedConfig ASPM ClockPM MSI]
[    6.648599] acpi PNP0A03:00: fail to add MMCONFIG information, can't access extended PCI configuration space under this bridge.
[    6.700952] PCI host bridge to bus 0000:00
[    6.708066] pci_bus 0000:00: root bus resource [io  0x0000-0x0cf7 window]
[    6.716177] pci_bus 0000:00: root bus resource [io  0x0d00-0xffff window]
[    6.723793] pci_bus 0000:00: root bus resource [mem 0x000a0000-0x000bffff window]
[    6.741611] pci_bus 0000:00: root bus resource [mem 0x40000000-0xfdffffff window]
[    6.751376] pci_bus 0000:00: root bus resource [bus 00-ff]
[    6.761565] pci 0000:00:01.1: legacy IDE quirk: reg 0x10: [io  0x01f0-0x01f7]
[    6.770039] pci 0000:00:01.1: legacy IDE quirk: reg 0x14: [io  0x03f6]
[    6.778174] pci 0000:00:01.1: legacy IDE quirk: reg 0x18: [io  0x0170-0x0177]
[    6.806786] pci 0000:00:01.1: legacy IDE quirk: reg 0x1c: [io  0x0376]
[    6.906689] pci 0000:00:07.0: quirk: [io  0x4000-0x403f] claimed by PIIX4 ACPI
[    6.921053] pci 0000:00:07.0: quirk: [io  0x4100-0x410f] claimed by PIIX4 SMB
[    6.977792] ACPI: PCI Interrupt Link [LNKA] (IRQs 5 9 10 *11)
[    7.002840] ACPI: PCI Interrupt Link [LNKB] (IRQs 5 9 *10 11)
[    7.055933] ACPI: PCI Interrupt Link [LNKC] (IRQs 5 *9 10 11)
[    7.095343] ACPI: PCI Interrupt Link [LNKD] (IRQs 5 9 10 *11)
[    7.136817] ACPI: Enabled 2 GPEs in block 00 to 07
[    7.200650] vgaarb: setting as boot device: PCI:0000:00:02.0
[    7.274176] vgaarb: device added: PCI:0000:00:02.0,decodes=io+mem,owns=io+mem,locks=none
[    7.330098] vgaarb: loaded
[    7.333003] vgaarb: bridge control possible 0000:00:02.0
[    7.344080] SCSI subsystem initialized
[    7.389914] ACPI: bus type USB registered
[    7.445885] usbcore: registered new interface driver usbfs
[    7.513546] usbcore: registered new interface driver hub
[    7.594496] usbcore: registered new device driver usb
[    7.673784] PCI: Using ACPI for IRQ routing
[    7.722222] NetLabel: Initializing
[    7.760938] NetLabel:  domain hash size = 128
[    7.829405] NetLabel:  protocols = UNLABELED CIPSOv4
[    7.912568] NetLabel:  unlabeled traffic allowed by default
[    8.000419] amd_nb: Cannot enumerate AMD northbridges
[    8.028226] clocksource: Switched to clocksource kvm-clock
[    0756 AArr:pprmr lest Eabd  8.529] pp:PnACI it[  93493 p: P PIfod 3 devices

[    9.896921] clocksource: acpi_pm: mask: 0xffffff max_cycles: 0xffffff, max_idle_ns: 2085701024 ns
[   10.176653] NET: Registered protocol family 2
[   10.339544] TCP established hash table entries: 8192 (order: 4, 65536 bytes)
[   10.600179] TCP bind hash table entries: 8192 (order: 5, 131072 bytes)
[   10.814130] TCP: Hash tables configured (established 8192 bind 8192)
[   10.847802] UDP hash table entries: 512 (order: 2, 16384 bytes)
[   10.930793] UDP-Lite hash table entries: 512 (order: 2, 16384 bytes)
[   11.094464] NET: Registered protocol family 1
[   11.279958] pci 0000:00:00.0: Limiting direct PCI/PCI transfers
[   11.539219] pci 0000:00:01.0: Activating ISA DMA hang workarounds
[   11.762659] Unpacking initramfs...
[   14.214380] Freeing initrd memory: 10844K
[   14.225780] platform rtc_cmos: registered platform RTC device (no PNP device found)
[   14.247380] Scanning for low memory corruption every 60 seconds
[   14.254580] audit: initializing netlink subsys (disabled)
[   14.260685] audit: type=2000 audit(1521842688.347:1): initialized
[   14.267506] Initialise system trusted keyring
[   14.274233] HugeTLB registered 2 MB page size, pre-allocated 0 pages
[   14.283504] zbud: loaded
[   14.287660] VFS: Disk quotas dquot_6.6.0
[   14.292414] VFS: Dquot-cache hash table entries: 512 (order 0, 4096 bytes)
[   14.300013] squashfs: version 4.0 (2009/01/31) Phillip Lougher
[   14.307436] fuse init (API version 7.23)
[   14.312180] Key type big_key registered
[   14.317386] Allocating IMA MOK and blacklist keyrings.
[   14.337690] Key type asymmetric registered
[   14.342267] Asymmetric key parser 'x509' registered
[   14.347652] Block layer SCSI generic (bsg) driver version 0.4 loaded (major 249)
[   14.355781] io scheduler noop registered
[   14.361230] io scheduler deadline registered (default)
[   14.366762] io scheduler cfq registered
[   14.371482] pci_hotplug: PCI Hot Plug PCI Core version: 0.5
[   14.377721] pciehp: PCI Express Hot Plug Controller Driver version: 0.4
[   14.385120] ACPI: AC Adapter [AC] (on-line)
[   14.390611] input: Power Button as /devices/LNXSYSTM:00/LNXPWRBN:00/input/input0
[   14.399323] ACPI: Power Button [PWRF]
[   14.403686] input: Sleep Button as /devices/LNXSYSTM:00/LNXSLPBN:00/input/input1
[   14.411390] ACPI: Sleep Button [SLPF]
[   14.417818] GHES: HEST is not enabled!
[   14.424895] Serial: 8250/16550 driver, 32 ports, IRQ sharing enabled
[   14.458270] 00:02: ttyS0 at I/O 0x3f8 (irq = 4, base_baud = 115200) is a 16550A
[   14.473906] Linux agpgart interface v0.103
[   14.491031] loop: module loaded
[   14.497363] scsi host0: ata_piix
[   14.501993] scsi host1: ata_piix
[   14.508270] ata1: PATA max UDMA/33 cmd 0x1f0 ctl 0x3f6 bmdma 0xd000 irq 14
[   14.515175] ata2: PATA max UDMA/33 cmd 0x170 ctl 0x376 bmdma 0xd008 irq 15
[   14.527172] libphy: Fixed MDIO Bus: probed
[   14.542215] tun: Universal TUN/TAP device driver, 1.6
[   14.547553] tun: (C) 1999-2004 Max Krasnyansky <maxk@qualcomm.com>
[   14.556654] PPP generic driver version 2.4.2
[   14.702983] ehci_hcd: USB 2.0 'Enhanced' Host Controller (EHCI) Driver
[   14.944607] ehci-pci: EHCI PCI platform driver
[   15.118156] ehci-platform: EHCI generic platform driver
[   15.479937] ohci_hcd: USB 1.1 'Open' Host Controller (OHCI) Driver
[   15.480274] tsc: Refined TSC clocksource calibration: 2701.140 MHz
[   15.480276] clocksource: tsc: mask: 0xffffffffffffffff max_cycles: 0x26ef73895f7, max_idle_ns: 440795304135 ns
[   16.915020] ohci-pci: OHCI PCI platform driver
[   16.927029] ohci-platform: OHCI generic platform driver
[   16.930885] uhci_hcd: USB Universal Host Controller Interface driver
[   16.934006] i8042: PNP: PS/2 Controller [PNP0303:PS2K,PNP0f03:PS2M] at 0x60,0x64 irq 1,12
[   16.943571] serio: i8042 KBD port at 0x60,0x64 irq 1
[   16.947114] serio: i8042 AUX port at 0x60,0x64 irq 12
[   16.949923] mousedev: PS/2 mouse device common for all mice
[   16.955124] input: AT Translated Set 2 keyboard as /devices/platform/i8042/serio0/input/input2
[   16.964724] rtc_cmos rtc_cmos: rtc core: registered rtc_cmos as rtc0
[   16.964843] rtc_cmos rtc_cmos: alarms up to one day, 114 bytes nvram
[   16.964856] i2c /dev entries driver
[   16.964950] device-mapper: uevent: version 1.0.3
[   16.965083] device-mapper: ioctl: 4.34.0-ioctl (2015-10-28) initialised: dm-devel@redhat.com
[   16.965116] ledtrig-cpu: registered to indicate activity on CPUs
[   16.965610] NET: Registered protocol family 10
[   16.966044] NET: Registered protocol family 17
[   16.966072] Key type dns_resolver registered
[   16.972229] microcode: CPU0 sig=0x1067a, pf=0x40, revision=0x60b
[   16.972271] microcode: CPU1 sig=0x1067a, pf=0x40, revision=0x60b
[   16.972417] microcode: Microcode Update Driver: v2.01 <tigran@aivazian.fsnet.co.uk>, Peter Oruba
[   16.972651] registered taskstats version 1
[   16.972681] Loading compiled-in X.509 certificates
[   16.973779] Loaded X.509 cert 'Build time autogenerated kernel key: aa84f01984fbd529c105810b59e379d349698248'
[   16.973828] zswap: loaded using pool lzo/zbud
[   16.991510] Key type trusted registered
[   17.026610] Key type encrypted registered
[   17.026625] AppArmor: AppArmor sha1 policy hashing enabled
[   17.026649] ima: No TPM chip found, activating TPM-bypass!
[   17.026702] evm: HMAC attrs: 0x1
[   17.027240]   Magic number: 10:557:98
[   17.029282] rtc_cmos rtc_cmos: setting system clock to 2018-03-23 22:04:51 UTC (1521842691)
[   17.030202] BIOS EDD facility v0.16 2004-Jun-25, 0 devices found
[   17.030202] EDD information not available.
[   17.112217] Freeing unused kernel memory: 1508K
[   17.134798] Write protecting the kernel read-only data: 14336k
[   17.163566] Freeing unused kernel memory: 1700K
[   17.179374] Freeing unused kernel memory: 104K
Loading, please wait...
starting version[   17.429574] random: systemd-udevd: uninitialized urandom read (16 bytes read, 3 bits of entropy available)
 229
[   17.440974] random: udevadm: uninitialized urandom read (16 bytes read, 3 bits of entropy available)
[   17.441160] random: udevadm: uninitialized urandom read (16 bytes read, 3 bits of entropy available)
[   17.532083] random: udevadm: uninitialized urandom read (16 bytes read, 3 bits of entropy available)
[   17.533103] random: udevadm: uninitialized urandom read (16 bytes read, 3 bits of entropy available)
[   17.535228] random: udevadm: uninitialized urandom read (16 bytes read, 3 bits of entropy available)
[   17.535907] random: udevadm: uninitialized urandom read (16 bytes read, 3 bits of entropy available)
[   17.536478] random: udevadm: uninitialized urandom read (16 bytes read, 3 bits of entropy available)
[   17.536917] random: udevadm: uninitialized urandom read (16 bytes read, 3 bits of entropy available)
[   17.537770] random: udevadm: uninitialized urandom read (16 bytes read, 3 bits of entropy available)
[   19.433177] Fusion MPT base driver 3.04.20
[   19.580502] Copyright (c) 1999-2008 LSI Corporation
[   19.796513] e1000: Intel(R) PRO/1000 Network Driver - version 7.3.21-k8-NAPI
[   19.807876] e1000: Copyright (c) 1999-2006 Intel Corporation.
[   19.956784] input: ImExPS/2 Generic Explorer Mouse as /devices/platform/i8042/serio1/input/input4
[   19.999453] Fusion MPT SPI Host driver 3.04.20
[   20.497774] e1000 0000:00:03.0 eth0: (PCI:33MHz:32-bit) 02:f4:1f:34:da:68
[   20.561301] e1000 0000:00:03.0 eth0: Intel(R) PRO/1000 Network Connection
[   21.024064] e1000 0000:00:08.0 eth1: (PCI:33MHz:32-bit) 08:00:27:11:2f:c0
[   21.122753] e1000 0000:00:08.0 eth1: Intel(R) PRO/1000 Network Connection
[   21.142993] e1000 0000:00:08.0 enp0s8: renamed from eth1
[   21.282632] mptbase: ioc0: Initiating bringup
[   21.353034] e1000 0000:00:03.0 enp0s3: renamed from eth0
[   21.489169] ioc0: LSI53C1030 A0: Capabilities={Initiator}
[   21.859556] scsi host2: ioc0: LSI53C1030 A0, FwRev=00000000h, Ports=1, MaxQ=256, IRQ=20
[   21.989642] scsi 2:0:0:0: Direct-Access     VBOX     HARDDISK         1.0  PQ: 0 ANSI: 5
[   22.001297] scsi target2:0:0: Beginning Domain Validation
[   22.011141] scsi target2:0:0: Domain Validation skipping write tests
[   22.032100] scsi target2:0:0: Ending Domain Validation
[   22.040614] scsi target2:0:0: asynchronous
[   22.042835] scsi 2:0:1:0: Direct-Access     VBOX     HARDDISK         1.0  PQ: 0 ANSI: 5
[   22.440352] floppy0: no floppy controllers found
[   22.440442] work still pending
[   22.686114] scsi target2:0:1: Beginning Domain Validation
[   22.942619] scsi target2:0:1: Domain Validation skipping write tests
[   23.046782] scsi target2:0:1: Ending Domain Validation
[   23.083570] scsi target2:0:1: asynchronous
[   23.248824] sd 2:0:0:0: Attached scsi generic sg0 type 0
[   23.500778] sd 2:0:0:0: [sda] 20971520 512-byte logical blocks: (10.7 GB/10.0 GiB)
[   23.714005] sd 2:0:0:0: [sda] Write Protect is off
[   23.714600] sd 2:0:1:0: [sdb] 20480 512-byte logical blocks: (10.5 MB/10.0 MiB)
[   23.714776] sd 2:0:1:0: [sdb] Write Protect is off
[   23.714908] sd 2:0:1:0: [sdb] Incomplete mode parameter data
[   23.714910] sd 2:0:1:0: [sdb] Assuming drive cache: write through
[   24.013108] sd 2:0:1:0: Attached scsi generic sg1 type 0
[   24.041262] sd 2:0:1:0: [sdb] Attached SCSI disk
[   26.076380] sd 2:0:0:0: [sda] Incomplete mode parameter data
[   26.090065] sd 2:0:0:0: [sda] Assuming drive cache: write through
[   26.111960]  sda: sda1
[   26.123676] sd 2:0:0:0: [sda] Attached SCSI disk
Begin: Loading essential drivers[   28.977217] md: linear personality registered for level -1
 ... [   29.300281] md: multipath personality registered for level -4
[   29.333833] md: raid0 personality registered for level 0
[   29.440518] md: raid1 personality registered for level 1
[   29.623518] raid6: sse2x1   gen()  4000 MB/s
[   29.756278] raid6: sse2x1   xor()  4306 MB/s
[   29.920402] raid6: sse2x2   gen()  4541 MB/s
[   30.076333] raid6: sse2x2   xor()  5212 MB/s
[   30.208258] raid6: sse2x4   gen()  6465 MB/s
[   30.304291] raid6: sse2x4   xor()  5661 MB/s
[   30.385869] raid6: using algorithm sse2x4 gen() 6465 MB/s
[   30.502532] raid6: .... xor() 5661 MB/s, rmw enabled
[   30.602665] raid6: using ssse3x2 recovery algorithm
[   30.710451] xor: measuring software checksum speed
[   30.776757]    prefetch64-sse: 20990.000 MB/sec
[   31.108552]    generic_sse: 23059.000 MB/sec
[   31.231728] xor: using function: generic_sse (23059.000 MB/sec)
[   31.316401] async_tx: api initialized (async)
[   31.470649] md: raid6 personality registered for level 6
[   31.679750] md: raid5 personality registered for level 5
[   31.941805] md: raid4 personality registered for level 4
[   32.000357] md: raid10 personality registered for level 10
done.
Begin: Running /scripts/init-premount ... done.
Begin: Mounting root file system ... Begin: Running /scripts/local-top ... done.
Begin: Running /scripts/local-premount ... [   32.212379] Btrfs loaded
Scanning for Btrfs filesystems
done.
Warning: fsck not present, so skipping root file[   32.631527] EXT4-fs (sda1): mounted filesystem with ordered data mode. Opts: (null)
 system
done.
Begin: Running /scripts/local-bottom ... done.
Begin: Running /scripts/init-bottom ... done.
[   33.384985] random: nonblocking pool is initialized
[   33.598333] systemd[1]: systemd 229 running in system mode. (+PAM +AUDIT +SELINUX +IMA +APPARMOR +SMACK +SYSVINIT +UTMP +LIBCRYPTSETUP +GCRYPT +GNUTLS +ACL +XZ -LZ4 +SECCOMP +BLKID +ELFUTILS +KMOD -IDN)
[   33.617920] systemd[1]: Detected virtualization oracle.
[   33.627099] systemd[1]: Detected architecture x86-64.

Welcome to [1mUbuntu 16.04.4 LTS[0m!

[   33.714360] systemd[1]: Set hostname to <ubuntu-xenial>.
[   35.447464] systemd[1]: Set up automount Arbitrary Executable File Formats File System Automount Point.
[[0;32m  OK  [0m] Set up automount Arbitrary Executab...ats File System Automount Point.
[   35.991617] systemd[1]: Created slice User and Session Slice.
[[0;32m  OK  [0m] Created slice User and Session Slice.
[   36.301205] systemd[1]: Listening on Syslog Socket.
[[0;32m  OK  [0m] Listening on Syslog Socket.
[   36.499531] systemd[1]: Reached target Swap.
[[0;32m  OK  [0m] Reached target Swap.
[   36.745246] systemd[1]: Listening on Device-mapper event daemon FIFOs.
[[0;32m  OK  [0m] Listening on Device-mapper event daemon FIFOs.
[   36.921807] systemd[1]: Started Trigger resolvconf update for networkd DNS.
[[0;32m  OK  [0m] Started Trigger resolvconf update for networkd DNS.
[   36.947885] systemd[1]: Reached target User and Group Name Lookups.
[[0;32m  OK  [0m] Reached target User and Group Name Lookups.
[   37.032232] systemd[1]: Listening on LVM2 metadata daemon socket.
[[0;32m  OK  [0m] Listening on LVM2 metadata daemon socket.
[   37.231840] systemd[1]: Listening on udev Kernel Socket.
[[0;32m  OK  [0m] Listening on udev Kernel Socket.
[   37.288647] systemd[1]: Listening on Journal Socket (/dev/log).
[[0;32m  OK  [0m] Listening on Journal Socket (/dev/log).
[   37.323100] systemd[1]: Listening on LVM2 poll daemon socket.
[[0;32m  OK  [0m] Listening on LVM2 poll daemon socket.
[   37.353384] systemd[1]: Started Forward Password Requests to Wall Directory Watch.
[[0;32m  OK  [0m] Started Forward Password Requests to Wall Directory Watch.
[   37.410666] systemd[1]: Listening on udev Control Socket.
[[0;32m  OK  [0m] Listening on udev Control Socket.
[   37.445336] systemd[1]: Listening on Journal Audit Socket.
[[0;32m  OK  [0m] Listening on Journal Audit Socket.
[   37.505888] systemd[1]: Reached target Encrypted Volumes.
[[0;32m  OK  [0m] Reached target Encrypted Volumes.
[   37.534456] systemd[1]: Listening on /dev/initctl Compatibility Named Pipe.
[[0;32m  OK  [0m] Listening on /dev/initctl Compatibility Named Pipe.
[   37.590545] systemd[1]: Listening on Journal Socket.
[[0;32m  OK  [0m] Listening on Journal Socket.
[   37.622149] systemd[1]: Created slice System Slice.
[[0;32m  OK  [0m] Created slice System Slice.
[   37.897164] systemd[1]: Mounting Debug File System...
         Mounting Debug File System...
[   38.074139] systemd[1]: Starting Create list of required static device nodes for the current kernel...
         Starting Create list of required st... nodes for the current kernel...
[   38.203945] systemd[1]: Created slice system-serial\x2dgetty.slice.
[[0;32m  OK  [0m] Created slice system-serial\x2dgetty.slice.
[   38.526009] systemd[1]: Starting Monitoring of LVM2 mirrors, snapshots etc. using dmeventd or progress polling...
         Starting Monitoring of LVM2 mirrors... dmeventd or progress polling...
[   38.573590] systemd[1]: Starting Remount Root and Kernel File Systems...
         Starting Remount Root a[   38.617132] EXT4-fs (sda1): re-mounted. Opts: (null)
nd Kernel File Systems...
[   38.892821] systemd[1]: Reached target Slices.
[[0;32m  OK  [0m] Reached target Slices.
[   39.019770] systemd[]: Create sceysm-stgresql.sice.
[[0;32m  OK  [0m] Created slice system-postgresql.slice.
[   39.673587] systemd[1]: Starting Load Kernel Modules...
         Starting Load Kernel Modules...
[   39.818158] Loading iSCSI transport class v2.0-870.
[   39.905849] systemd[1]: Starting Uncomplicated firewall...
         Starting Uncomplicated firewall...
[   40.046212] iscsi: registered transport (tcp)
[   40.065451] systemd[1]: Mounting POSIX Message Queue File System...
         Mounting POSIX Message Queue File System...
[   40.287300] systemd[1]: Mounting Huge Pages File System...
         Mounting Huge Pages File System...
[   40.311213] systemd[1]: Starting Nameserver information manager...
         Starting Nameserver information manager...
[   40.391811] systemd[1]: Starting Set console keymap...
         Starting Set console keymap...
[   40.463974] systemd[1]: Starting Journal Service...
         Starting Journal Service...
[   40.641370] systemd[1]: Mounted Huge Pages File System.
[   40.6 5913] iscsi: registered transport (iser)
[[0;32m  OK  [0m] Mounted Huge Pages File System.
[   40.887474] systemd[1]: Mounted Debug File System.
[[0;32m  OK  [0m] Mounted Debug File System.
[   41.044806] systemd[1]: Mounted POSIX Message Queue File System.
[[0;32m  OK  [0m] Mounted POSIX Message Queue File System.
[   41.125060] systemd[1]: Started Journal Service.
[[0;32m  OK  [0m] Started Journal Service.
[[0;32m  OK  [0m] Started Create list of required sta...ce nodes for the current kernel.
[[0;32m  OK  [0m] Started Remount Root and Kernel File Systems.
[[0;32m  OK  [0m] Started Load Kernel Modules.
[[0;32m  OK  [0m] Started Uncomplicated firewall.
[[0;32m  OK  [0m] Started Set console keymap.
[[0;32m  OK  [0m] Started Nameserver information manager.
[[0;32m  OK  [0m] Started LVM2 metadata daemon.
         Starting Apply Kernel Variables...
         Mounting FUSE Control File System...
         Starting Initial cloud-init job (pre-networking)...
         Starting udev Coldplug all Devices...
         Starting Load/Save Random Seed...
         Starting Create Static Device Nodes in /dev...
         Starting Flush Journal to Persistent Storage...
[[0;32m  OK  [0m] Mounted FUSE Control File System.
[[0;32m  OK  [0m] Started Apply Kernel Variables.
[[0;32m  OK  [0m] Started Load/Save Random Seed.
[[0;32m  OK  [0m] Started Create Static Device Nodes in /dev.
[[0;32m  OK  [0m] Started Monitoring of LVM2 mirrors,...ng dmeventd or progress polling.
[[0;32m  OK  [0m] Started Flush Journal to Persistent Storage.
         Starting udev Kernel Device Manager...
[[0;32m  OK  [0m] Started udev Coldplug all Devices.
[[0;32m  OK  [0m] Started udev Kernel Device Manager.
[[0;32m  OK  [0m] Reached target Local File Systems (Pre).
[[0;32m  OK  [0m] Reached target Local File Systems.
         Starting Create Volatile Files and Directories...
         Starting Tell Plymouth To Write Out Runtime Data...
         Starting Set console font and keymap...
         Starting LSB: AppArmor initialization...
[[0;32m  OK  [0m] Started Dispatch Password Requests to Console Directory Watch.
[[0;32m  OK  [0m] Started Create Volatile Files and Directories.
[[0;32m  OK  [0m] Started Tell Plymouth To Write Out Runtime Data.
[[0;32m  OK  [0m] Reached target System Time Synchronized.
         Starting Update UTMP about System Boot/Shutdown...
[[0;32m  OK  [0m] Started Update UTMP about System Boot/Shutdown.
[[0;32m  OK  [0m] Found device /dev/ttyS0.
[[0;32m  OK  [0m] Started LSB: AppArmor initialization.
[[0;32m  OK  [0m] Started Set console font and keymap.
[[0;32m  OK  [0m] Created slice system-getty.slice.
[[0;32m  OK  [0m] Listening on Load/Save RF Kill Switch Status /dev/rfkill Watch.
[[0;32m  OK  [0m] Found device 82540EM Gigabit Ethern...r (PRO/1000 MT Desktop Adapter).
[   45.285108] cloud-init[435]: Cloud-init v. 17.2 running 'init-local' at Fri, 23 Mar 2018 22:05:23 +0000. Up 41.92 seconds.
[[0;32m  OK  [0m] Found device 82540EM Gigabit Ethern...r (PRO/1000 MT Desktop Adapter).
[[0;32m  OK  [0m] Started Initial cloud-init job (pre-networking).
[[0;32m  OK  [0m] Reached target Network (Pre).
[[0;32m  OK  [0m] Started ifup for enp0s8.
         Starting Raise network interfaces...
[[0;32m  OK  [0m] Started ifup for enp0s3.
[[0;32m  OK  [0m] Started Raise network interfaces.
         Starting Initial cloud-init job (metadata service crawler)...
[[0;32m  OK  [0m] Reached target Network.
[   54.411844] cloud-init[1058]: Cloud-init v. 17.2 running 'init' at Fri, 23 Mar 2018 22:05:33 +0000. Up 51.34 seconds.
[   54.682808] cloud-init[1058]: ci-info: ++++++++++++++++++++++++++++++++++++++Net device info++++++++++++++++++++++++++++++++++++++
[[0;32m  OK  [0m] Started Initial cloud-init job (metadata service crawler).
[   54.892189] cloud-init[1058]: ci-info: +--------+------+-----------------------------+---------------+-------+-------------------+
[   54.988789] cloud-init[1058]: ci-info: | Device |  Up  |           Address           |      Mask     | Scope |     Hw-Address    |
[   55.256581] cloud-init[1058]: ci-info: +--------+------+-----------------------------+---------------+-------+-------------------+
[   55.508401] cloud-init[1058]: ci-info: | enp0s3 | True |          10.0.2.15          | 255.255.255.0 |   .   | 02:f4:1f:34:da:68 |
[[0;32m  OK  [0m] Reached target Network is Online.
[   55.738419] cloud-init[1058]: ci-info: | enp0s3 | True |  fe80::f4:1fff:fe34:da68/64 |       .       |  link | 02:f4:1f:34:da:68 |
         Starting iSCSI initiator daemon (iscsid)...
[[0;32m  OK  [0m] Reached target System Initialization.
[   56.043909] cloud-init[1058]: ci-info: | enp0s8 | True |        192.168.33.10        | 255.255.255.0 |   .   | 08:00:27:11:2f:c0 |
[[0;32m  OK  [0m] Started Daily Cleanup of Temporary Directories.
[   56.380214] cloud-init[1058]: ci-info: | enp0s8 | True | fe80::a00:27ff:fe11:2fc0/64 |       .       |  link | 08:00:27:11:2f:c0 |
[   56.608475] [cloud-init[0;32m  OK  [0m[1058]: ] ci-info: |   lo   | True |          127.0.0.1          |   255.0.0.0   |   .   |         .         |Listening on ACPID Listen Socket.

[[0;32m  OK  [0m] Started Daily apt download activities.
[   56.886650] cloud-init[1058]: ci-info: |   lo   | True |           ::1/128           |       .       |  host |         .         |
[   57.145650] [cloud-init[0;32m  OK  [0m[1058]: ci-info: +--------+------+-----------------------------+---------------+-------+-------------------+
] Started Timer to automatically refresh installed snaps.
[   57.146559] cloud-init[1058]: ci-info: ++++++++++++++++++++++++++++Route IPv4 info++++++++++++++++++++++++++++
[[0;32m  OK  [0m] Listening on D-Bus System Message Bus Socket.
[   57.499693] cloud-init[1058]: ci-info: +-------+--------------+----------+---------------+-----------+-------+
[   57.741997] [cloud-init[0;32m  OK  [0m[1058]: ] ci-info: | Route | Destination  | Gateway  |    Genmask    | Interface | Flags |Started ACPI Events Check.

[   57.743300] cloud-init[1058]: ci-info: +-------+--------------+----------+---------------+-----------+-------+
[   57.979561] cloud-init[[0;32m  OK  [0m] Reached target Paths.
[1058]: ci-info: |   0   |   0.0.0.0    | 10.0.2.2 |    0.0.0.0    |   enp0s3  |   UG  |
[   58.000798] cloud-init[1058]: ci-info: |   1   |   10.0.2.0   | 0.0.0.0  | 255.255.255.0 |   enp0s3  |   U   |
[   58.015652] cloud-init[1058]: ci-info: |   2   | 192.168.33.0 | 0.0.0.0  | 255.255.255.0 |   enp0s8  |   U   |
[   58.030066] cloud-init[1058]: ci-info: +-------+--------------+----------+---------------+-----------+-------+
         Starting LXD - unix socket.
         Starting Socket activation for snappy daemon.
[[0;32m  OK  [0m] Listening on UUID daemon activation socket.
[[0;32m  OK  [0m] Started Daily apt upgrade and clean activities.
[[0;32m  OK  [0m] Reached target Timers.
[[0;32m  OK  [0m] Reached target Cloud-config availability.
[[0;32m  OK  [0m] Listening on LXD - unix socket.
[[0;32m  OK  [0m] Listening on Socket activation for snappy daemon.
[[0;32m  OK  [0m] Started iSCSI initiator daemon (iscsid).
         Starting Login to default iSCSI targets...
[[0;32m  OK  [0m] Reached target Sockets.
[[0;32m  OK  [0m] Reached target Basic System.
         Starting Apply the settings specified in cloud-config...
         Starting LSB: MD monitoring daemon...
         Starting Login Service...
         Starting MySQL Community Server...
[[0;32m  OK  [0m] Started D-Bus System Message Bus.
[[0;32m  OK  [0m] Started Unattended Upgrades Shutdown.
         Starting /etc/rc.local Compatibility...
[[0;32m  OK  [0m] Started Deferred execution scheduler.
         Starting The PHP 7.1 FastCGI Process Manager...
[[0;32m  OK  [0m] Started ACPI event daemon.
         Starting PostgreSQL Cluster 10-main...
         Starting System Logging Service...
[[0;32m  OK  [0m] Started Regular background program processing daemon.
         Starting Accounts Service...
         Starting Advanced key-value store...
[[0;32m  OK  [0m] Started FUSE filesystem for LXC.
         Starting LXD - container startup/shutdown...
         Starting LSB: Record successful boot for GRUB...
[[0;32m  OK  [0m] Started memcached daemon.
         Starting Snappy daemon...
         Starting OpenBSD Secure Shell server...
[[0;32m  OK  [0m] Started System Logging Service.
[[0;32m  OK  [0m] Started /etc/rc.local Compatibility.
[[0;32m  OK  [0m] Started Login Service.
[[0;32m  OK  [0m] Started Login to default iSCSI targets.
[[0;32m  OK  [0m] Reached target Remote File Systems (Pre).
[[0;32m  OK  [0m] Reached target Remote File Systems.
         Starting LSB: automatic crash report generation...
         Starting LSB: Start/stop sysstat's sadc...
         Starting LSB: Apache2 web server...
         Starting Permit User Sessions...
         Starting LSB: daemon to balance interrupts for SMP systems...
         Starting LSB: Set the CPU Frequency Scaling governor to "ondemand"...
         Starting LSB: VirtualBox Linux Additions...
[[0;32m  OK  [0m] Started OpenBSD Secure Shell server.
[[0;32m  OK  [0m] Started LSB: Record successful boot for GRUB.
[[0;32m  OK  [0m] Started Permit User Sessions.
[[0;32m  OK  [0m] Started LSB: MD monitoring daemon.
         Starting Authenticate and Authorize Users to Run Privileged Tasks...
         Starting Hold until boot process finishes up...
         Starting Terminate Plymouth Boot Screen...
[[0;32m  OK  [0m] Started Advanced key-value store.
[[0;32m  OK  [0m] Started Hold until boot process finishes up.
[[0;32m  OK  [0m] Started Terminate Plymouth Boot Screen.
[[0;32m  OK  [0m] Started Getty on tty1.
[[0;32m  OK  [0m] Started Serial Getty on ttyS0.
[[0;32m  OK  [0m] Reached target Login Prompts.
         Starting Set console scheme...
[[0;32m  OK  [0m] Started LSB: automatic crash report generation.
[[0;32m  OK  [0m] Started Authenticate and Authorize Users to Run Privileged Tasks.
[[0;32m  OK  [0m] Started LSB: Start/stop sysstat's sadc.
[[0;32m  OK  [0m] Started LSB: Set the CPU Frequency Scaling governor to "ondemand".
[[0;32m  OK  [0m] Started Set console scheme.
[[0;32m  OK  [0m] Started Accounts Service.
[[0;32m  OK  [0m] Started LXD - container startup/shutdown.
[[0;32m  OK  [0m] Created slice User Slice of vagrant.
         Starting User Manager for UID 1000...
[[0;32m  OK  [0m] Started Session 1 of user vagrant.
[[0;32m  OK  [0m] Started LSB: daemon to balance interrupts for SMP systems.
[[0;32m  OK  [0m] Started Snappy daemon.
[[0;32m  OK  [0m] Started User Manager for UID 1000.
[[0;32m  OK  [0m] Started LSB: VirtualBox Linux Additions.
[   72.656463] cloud-init[1119]: Cloud-init v. 17.2 running 'modules:config' at Fri, 23 Mar 2018 22:05:49 +0000. Up 67.67 seconds.

Ubuntu 16.04.4 LTS ubuntu-xenial ttyS0

ubuntu-xenial login: [   81.215760] cloud-init[1608]: Cloud-init v. 17.2 running 'modules:final' at Fri, 23 Mar 2018 22:06:02 +0000. Up 80.60 seconds.
[   81.218641] cloud-init[1608]: Cloud-init v. 17.2 finished at Fri, 23 Mar 2018 22:06:03 +0000. Datasource DataSourceNoCloud [seed=/dev/sdb][dsmode=net].  Up 81.19 seconds
